<html>
<body>
<pre>
<h1>µVision Build Log</h1>
<h2>Project:</h2>
F:\Tax\Labware\Lab15_SpaceInvaders\SpaceInvaders.uvproj
Project File Date:  05/28/2019

<h2>Output:</h2>
Build target 'SpaceInvaders'
compiling ADC.c...
compiling SpaceInvaders1.c...
SpaceInvaders1.c(86): warning:  #1295-D: Deprecated declaration MoveMissile - give arg types
  void MoveMissile();
SpaceInvaders1.c(87): warning:  #1295-D: Deprecated declaration Movemyship - give arg types
  void Movemyship();
SpaceInvaders1.c(88): warning:  #1295-D: Deprecated declaration createMissile - give arg types
  void createMissile();
SpaceInvaders1.c(89): warning:  #1295-D: Deprecated declaration isBomb - give arg types
  void isBomb();
SpaceInvaders1.c(91): warning:  #1295-D: Deprecated declaration createEnemy - give arg types
  void createEnemy();
SpaceInvaders1.c(420): warning:  #177-D: variable "AnyLife" was declared but never referenced
        int AnyLife=1;
SpaceInvaders1.c(421): warning:  #177-D: variable "i" was declared but never referenced
        int i;
SpaceInvaders1.c: 7 warnings, 0 errors
linking...
Program Size: Code=5082 RO-data=5122 RW-data=108 ZI-data=2284  
".\SpaceInvaders.axf" - 0 Error(s), 7 Warning(s).
Load "F:\\Tax\\Labware\\Lab15_SpaceInvaders\\SpaceInvaders.axf" 
Connecting: Mode=JTAG, Speed=1000000Hz
Erase Done.
Programming Done.
Verify OK.
